Turbo Assembler	 Version 3.1	    01/05/21 12:11:53	    Page 1
comf.ASM



      1	0000			     .model tiny
      2	0000			     .code
      3				     org 0100h
      4
      5	0100			     start:
      6
      7	0100  8A C7			     mov al, bh
      8	0102  B9 0100			     mov cx, 0100h
      9	0105  A1 0122r			     mov ax, atmintis1
     10	0108  26: 8A 44	02		     mov al, es:[si+02h]
     11	010C  8B 33			     mov si, [bp+di]
     12	010E  B9 0100			     mov cx, 0100h
     13	0111  8B 00			     mov ax, [bx+si]
     14	0113  8B C3			     mov ax, bx
     15	0115  2E: 8A 04			     mov al, cs:[si]
     16	0118  A0 0131r			     mov al, atmintis
     17	011B  36: 8A 08			     mov cl, ss:[bx+si]
     18	011E  8B F2			     mov si, dx
     19	0120  8A E7			     mov ah, bh
     20
     21	0122  6325			     atmintis1 dw 6325h
     22
     23	0124  F6 D4			     not ah
     24	0126  F6 D1			     not cl
     25	0128  F6 D7			     not bh
     26
     27	012A  A3 0122r			     mov atmintis1, ax
     28
     29	012D  F7 D6			     not si
     30	012F  F7 D2			     not dx
     31
     32	0131  25			     atmintis db 25h
     33
     34	0132  D3 D8			     rcr ax, cl
     35	0134  D1 DA			     rcr dx, 1
     36	0136  D1 DE			     rcr si, 1
     37
     38	0138  D7			     xlat
     39	0139  D7			     xlat
     40	013A  D7			     xlat
     41
     42
     43				     end start
Turbo Assembler	 Version 3.1	    01/05/21 12:11:53	    Page 2
Symbol Table




Symbol Name			  Type	 Value

??DATE				  Text	 "01/05/21"
??FILENAME			  Text	 "comf	  "
??TIME				  Text	 "12:11:53"
??VERSION			  Number 030A
@32BIT				  Text	 0
@CODE				  Text	 DGROUP
@CODESIZE			  Text	 0
@CPU				  Text	 0101H
@CURSEG				  Text	 _TEXT
@DATA				  Text	 DGROUP
@DATASIZE			  Text	 0
@FILENAME			  Text	 COMF
@INTERFACE			  Text	 00H
@MODEL				  Text	 1
@STACK				  Text	 DGROUP
@WORDSIZE			  Text	 2
ATMINTIS			  Byte	 DGROUP:0131
ATMINTIS1			  Word	 DGROUP:0122
START				  Near	 DGROUP:0100

Groups & Segments		  Bit Size Align  Combine Class

DGROUP				  Group
  _DATA				  16  0000 Word	  Public  DATA
  _TEXT				  16  013B Word	  Public  CODE
